$ pwd
/home/ccuser/workspace/recipe-book-a
$ ls
veggie-clone  veggie-favorites
$ cd veggie-favorites
$ git add chili.txt
$ git commit -m "add instructions"
[master 739f90e] add instructions
 1 file changed, 1 insertion(+)
$ pwd
/home/ccuser/workspace/recipe-book-a/veggie-favorites
$ cd ../veggie-clone
$ git fetch
remote: Counting objects: 12, done.
remote: Compressing objects: 100% (12/12), done.
remote: Total 12 (delta 6), reused 0 (delta 0)
Unpacking objects: 100% (12/12), done.
From /home/ccuser/workspace/recipe-book-a/veggie-favorites
 * [new branch]      master     -> origin/master
$ git branch
* master
$ git merge origin/master
Updating 4681ee4..739f90e
Fast-forward
 chili.txt          | 15 ++++++++-------
 margherita.txt     | 11 +++++++----
 squash-lasagna.txt |  3 ++-
 3 files changed, 17 insertions(+), 12 deletions(-)
$ git branch new-recipe.txt
$ git checkout new-recipe.txt
Switched to branch 'new-recipe.txt'
$ git checkout new-recipe.txt
Switched to branch 'new-recipe.txt'
$ git add new-recipe.txt
$ git commit -m "recipe added"
[new-recipe.txt 2fe5c52] recipe added
 1 file changed, 5 insertions(+)
 $ git fetch
$ git push origin new-recipe.txt
Counting objects: 3, done.
Delta compression using up to 16 threads.
Compressing objects: 100% (3/3), done.
Writing objects: 100% (3/3), 366 bytes | 0 bytes/s, done.
Total 3 (delta 1), reused 0 (delta 0)
To /home/ccuser/workspace/recipe-book-a/veggie-favorites
 * [new branch]      new-recipe.txt -> new-recipe.txt
$ cd ../veggie-favorites
$ git branch
* master
  new-recipe.txt
$